test Mon May 19 22:59:02 CEST 2025
